// Jest Snapshot v1, https://goo.gl/fbAQLP

exports[`Filters list correctly renders 1`] = `
<ul
  className="catalog__genres-list"
>
  <li
    className="catalog__genres-item false"
  >
    <a
      className="catalog__genres-link"
      href="#"
      onClick={[Function]}
    >
      All genres
    </a>
  </li>
  <li
    className="catalog__genres-item catalog__genres-item--active"
  >
    <a
      className="catalog__genres-link"
      href="#"
      onClick={[Function]}
    >
      Filter-1
    </a>
  </li>
  <li
    className="catalog__genres-item false"
  >
    <a
      className="catalog__genres-link"
      href="#"
      onClick={[Function]}
    >
      Filter-2
    </a>
  </li>
  <li
    className="catalog__genres-item false"
  >
    <a
      className="catalog__genres-link"
      href="#"
      onClick={[Function]}
    >
      Filter-3
    </a>
  </li>
  <li
    className="catalog__genres-item false"
  >
    <a
      className="catalog__genres-link"
      href="#"
      onClick={[Function]}
    >
      Filter-4
    </a>
  </li>
  <li
    className="catalog__genres-item false"
  >
    <a
      className="catalog__genres-link"
      href="#"
      onClick={[Function]}
    >
      Filter-5
    </a>
  </li>
  <li
    className="catalog__genres-item false"
  >
    <a
      className="catalog__genres-link"
      href="#"
      onClick={[Function]}
    >
      Filter-6
    </a>
  </li>
  <li
    className="catalog__genres-item false"
  >
    <a
      className="catalog__genres-link"
      href="#"
      onClick={[Function]}
    >
      Filter-7
    </a>
  </li>
  <li
    className="catalog__genres-item false"
  >
    <a
      className="catalog__genres-link"
      href="#"
      onClick={[Function]}
    >
      Filter-8
    </a>
  </li>
  <li
    className="catalog__genres-item false"
  >
    <a
      className="catalog__genres-link"
      href="#"
      onClick={[Function]}
    >
      Filter-9
    </a>
  </li>
</ul>
`;
