// Jest Snapshot v1, https://goo.gl/fbAQLP

exports[`Show more button correctly renders when is visible 1`] = `
<div
  className="catalog__more"
>
  <button
    className="catalog__button"
    onClick={[Function]}
    type="button"
  >
    Show more
  </button>
</div>
`;

exports[`Show more button correctly renders when is not visible 1`] = `null`;
